===== 16:01 gpu=4 split=S0 mode=ideal label=phi35_zs_ideal =====
[v2/ddibn/S0] rows=1970 model=microsoft/Phi-3.5-mini-instruct
  [v2] 총 34018 질의 (1970 pair) 병렬 시작 (workers=24)
  [v2] 2000/34018 질의 완료
  [v2] 4000/34018 질의 완료
  [v2] 6000/34018 질의 완료
  [v2] 8000/34018 질의 완료
  [v2] 10000/34018 질의 완료
  [v2] 12000/34018 질의 완료
  [v2] 14000/34018 질의 완료
  [v2] 16000/34018 질의 완료
  [v2] 18000/34018 질의 완료
  [v2] 20000/34018 질의 완료
  [v2] 22000/34018 질의 완료
  [v2] 24000/34018 질의 완료
  [v2] 26000/34018 질의 완료
  [v2] 28000/34018 질의 완료
  [v2] 30000/34018 질의 완료
  [v2] 32000/34018 질의 완료
  [v2] 34000/34018 질의 완료
[RESULT] {'AUC-ROC': 0.5239786825372527, 'PR-AUC': 0.5315631718517482, 'accuracy': 0.500292418124848, 'macro-F1': 0.007897947980479445, 'P@50': 0.5155023923444976, 'P@N2': 0.5170157479624888, 'n_types': 209} | wall 1809s
[SAVED] summary.csv + llm_metrics/phi35_zs_ideal_S0.json + raw_preds/phi35_zs_ideal_S0.npz
===== 16:32 gpu=4 split=S2 mode=ideal label=phi35_zs_ideal =====
[v2/ddibn/S2] rows=640 model=microsoft/Phi-3.5-mini-instruct
  [v2] 총 11176 질의 (640 pair) 병렬 시작 (workers=24)
  [v2] 2000/11176 질의 완료
  [v2] 4000/11176 질의 완료
  [v2] 6000/11176 질의 완료
  [v2] 8000/11176 질의 완료
  [v2] 10000/11176 질의 완료
[RESULT] {'AUC-ROC': 0.5217361610523372, 'PR-AUC': 0.5359322286379155, 'accuracy': 0.49867266633545776, 'macro-F1': 0.0046241068299891835, 'P@50': 0.5040191387559809, 'P@N2': 0.5217652510473426, 'n_types': 209} | wall 594s
[SAVED] summary.csv + llm_metrics/phi35_zs_ideal_S2.json + raw_preds/phi35_zs_ideal_S2.npz
===== 16:43 gpu=4 split=S1 mode=ideal label=phi35_zs_ideal =====
[v2/ddibn/S1] rows=4978 model=microsoft/Phi-3.5-mini-instruct
  [v2] 총 86742 질의 (4978 pair) 병렬 시작 (workers=24)
  [v2] 2000/86742 질의 완료
  [v2] 4000/86742 질의 완료
  [v2] 6000/86742 질의 완료
  [v2] 8000/86742 질의 완료
  [v2] 10000/86742 질의 완료
  [v2] 12000/86742 질의 완료
  [v2] 14000/86742 질의 완료
  [v2] 16000/86742 질의 완료
  [v2] 18000/86742 질의 완료
  [v2] 20000/86742 질의 완료
  [v2] 22000/86742 질의 완료
  [v2] 24000/86742 질의 완료
  [v2] 26000/86742 질의 완료
  [v2] 28000/86742 질의 완료
  [v2] 30000/86742 질의 완료
  [v2] 32000/86742 질의 완료
  [v2] 34000/86742 질의 완료
  [v2] 36000/86742 질의 완료
  [v2] 38000/86742 질의 완료
  [v2] 40000/86742 질의 완료
  [v2] 42000/86742 질의 완료
  [v2] 44000/86742 질의 완료
  [v2] 46000/86742 질의 완료
  [v2] 48000/86742 질의 완료
  [v2] 50000/86742 질의 완료
  [v2] 52000/86742 질의 완료
  [v2] 54000/86742 질의 완료
  [v2] 56000/86742 질의 완료
  [v2] 58000/86742 질의 완료
  [v2] 60000/86742 질의 완료
  [v2] 62000/86742 질의 완료
  [v2] 64000/86742 질의 완료
  [v2] 66000/86742 질의 완료
  [v2] 68000/86742 질의 완료
  [v2] 70000/86742 질의 완료
  [v2] 72000/86742 질의 완료
  [v2] 74000/86742 질의 완료
  [v2] 76000/86742 질의 완료
  [v2] 78000/86742 질의 완료
  [v2] 80000/86742 질의 완료
  [v2] 82000/86742 질의 완료
  [v2] 84000/86742 질의 완료
  [v2] 86000/86742 질의 완료
[RESULT] {'AUC-ROC': 0.5225031293755763, 'PR-AUC': 0.5174465929989754, 'accuracy': 0.4999394928281514, 'macro-F1': 0.0051627230797326295, 'P@50': 0.49990430622009563, 'P@N2': 0.5159789875210206, 'n_types': 209} | wall 4589s
[SAVED] summary.csv + llm_metrics/phi35_zs_ideal_S1.json + raw_preds/phi35_zs_ideal_S1.npz
===== DONE gpu=4 mode=ideal 18:01 =====
