===== 18:02 gpu=4 split=S0 mode=ideal_genes label=phi4_zs_genes =====
error    libmamba Could not set lock (Resource temporarily unavailable)
warning  libmamba Cannot lock '/home/rudwls2717/.mamba/proc'
    Waiting for other mamba process to finish
[v2/ddibn/S0] rows=1970 model=microsoft/phi-4
  [v2] 총 34018 질의 (1970 pair) 병렬 시작 (workers=24)
  [v2] 2000/34018 질의 완료
  [v2] 4000/34018 질의 완료
  [v2] 6000/34018 질의 완료
  [v2] 8000/34018 질의 완료
  [v2] 10000/34018 질의 완료
  [v2] 12000/34018 질의 완료
  [v2] 14000/34018 질의 완료
  [v2] 16000/34018 질의 완료
  [v2] 18000/34018 질의 완료
  [v2] 20000/34018 질의 완료
  [v2] 22000/34018 질의 완료
  [v2] 24000/34018 질의 완료
  [v2] 26000/34018 질의 완료
  [v2] 28000/34018 질의 완료
  [v2] 30000/34018 질의 완료
  [v2] 32000/34018 질의 완료
  [v2] 34000/34018 질의 완료
[RESULT] {'AUC-ROC': 0.5053714734306777, 'PR-AUC': 0.5288839087907116, 'accuracy': 0.5018638447963824, 'macro-F1': 0.02625127345481145, 'P@50': 0.511578947368421, 'P@N2': 0.5021165006284884, 'n_types': 209} | wall 4708s
[SAVED] summary.csv + llm_metrics/phi4_zs_genes_S0.json + raw_preds/phi4_zs_genes_S0.npz
===== 19:23 gpu=4 split=S2 mode=ideal_genes label=phi4_zs_genes =====
[v2/ddibn/S2] rows=640 model=microsoft/phi-4
  [v2] 총 11176 질의 (640 pair) 병렬 시작 (workers=24)
  [v2] 2000/11176 질의 완료
  [v2] 4000/11176 질의 완료
  [v2] 6000/11176 질의 완료
  [v2] 8000/11176 질의 완료
  [v2] 10000/11176 질의 완료
[RESULT] {'AUC-ROC': 0.5367096645133939, 'PR-AUC': 0.5693715568305221, 'accuracy': 0.5008648772518844, 'macro-F1': 0.013269120268014424, 'P@50': 0.5061244019138756, 'P@N2': 0.5291201263116139, 'n_types': 209} | wall 1552s
[SAVED] summary.csv + llm_metrics/phi4_zs_genes_S2.json + raw_preds/phi4_zs_genes_S2.npz
===== 19:50 gpu=4 split=S1 mode=ideal_genes label=phi4_zs_genes =====
[v2/ddibn/S1] rows=4978 model=microsoft/phi-4
  [v2] 총 86742 질의 (4978 pair) 병렬 시작 (workers=24)
  [v2] 2000/86742 질의 완료
  [v2] 4000/86742 질의 완료
  [v2] 6000/86742 질의 완료
  [v2] 8000/86742 질의 완료
  [v2] 10000/86742 질의 완료
  [v2] 12000/86742 질의 완료
  [v2] 14000/86742 질의 완료
  [v2] 16000/86742 질의 완료
  [v2] 18000/86742 질의 완료
  [v2] 20000/86742 질의 완료
  [v2] 22000/86742 질의 완료
  [v2] 24000/86742 질의 완료
  [v2] 26000/86742 질의 완료
  [v2] 28000/86742 질의 완료
  [v2] 30000/86742 질의 완료
  [v2] 32000/86742 질의 완료
  [v2] 34000/86742 질의 완료
  [v2] 36000/86742 질의 완료
  [v2] 38000/86742 질의 완료
  [v2] 40000/86742 질의 완료
  [v2] 42000/86742 질의 완료
  [v2] 44000/86742 질의 완료
  [v2] 46000/86742 질의 완료
  [v2] 48000/86742 질의 완료
  [v2] 50000/86742 질의 완료
  [v2] 52000/86742 질의 완료
  [v2] 54000/86742 질의 완료
  [v2] 56000/86742 질의 완료
  [v2] 58000/86742 질의 완료
  [v2] 60000/86742 질의 완료
  [v2] 62000/86742 질의 완료
  [v2] 64000/86742 질의 완료
  [v2] 66000/86742 질의 완료
  [v2] 68000/86742 질의 완료
  [v2] 70000/86742 질의 완료
  [v2] 72000/86742 질의 완료
  [v2] 74000/86742 질의 완료
  [v2] 76000/86742 질의 완료
  [v2] 78000/86742 질의 완료
  [v2] 80000/86742 질의 완료
  [v2] 82000/86742 질의 완료
  [v2] 84000/86742 질의 완료
  [v2] 86000/86742 질의 완료
[RESULT] {'AUC-ROC': 0.5156815688901892, 'PR-AUC': 0.5218023773989426, 'accuracy': 0.5008632648829968, 'macro-F1': 0.01739701897870997, 'P@50': 0.5287081339712919, 'P@N2': 0.5100668951438228, 'n_types': 209} | wall 12001s
[SAVED] summary.csv + llm_metrics/phi4_zs_genes_S1.json + raw_preds/phi4_zs_genes_S1.npz
===== DONE gpu=4 mode=ideal_genes 23:11 =====
