===== 18:02 gpu=5 split=S0 mode=ideal label=phi4_zs_ideal =====
[v2/ddibn/S0] rows=1970 model=microsoft/phi-4
  [v2] 총 34018 질의 (1970 pair) 병렬 시작 (workers=24)
  [v2] 2000/34018 질의 완료
  [v2] 4000/34018 질의 완료
  [v2] 6000/34018 질의 완료
  [v2] 8000/34018 질의 완료
  [v2] 10000/34018 질의 완료
  [v2] 12000/34018 질의 완료
  [v2] 14000/34018 질의 완료
  [v2] 16000/34018 질의 완료
  [v2] 18000/34018 질의 완료
  [v2] 20000/34018 질의 완료
  [v2] 22000/34018 질의 완료
  [v2] 24000/34018 질의 완료
  [v2] 26000/34018 질의 완료
  [v2] 28000/34018 질의 완료
  [v2] 30000/34018 질의 완료
  [v2] 32000/34018 질의 완료
  [v2] 34000/34018 질의 완료
[RESULT] {'AUC-ROC': 0.4930317869076435, 'PR-AUC': 0.5234600939485448, 'accuracy': 0.5019004944853015, 'macro-F1': 0.02767744460883311, 'P@50': 0.5063157894736842, 'P@N2': 0.4938305030022764, 'n_types': 209} | wall 4920s
[SAVED] summary.csv + llm_metrics/phi4_zs_ideal_S0.json + raw_preds/phi4_zs_ideal_S0.npz
===== 19:26 gpu=5 split=S2 mode=ideal label=phi4_zs_ideal =====
[v2/ddibn/S2] rows=640 model=microsoft/phi-4
  [v2] 총 11176 질의 (640 pair) 병렬 시작 (workers=24)
  [v2] 2000/11176 질의 완료
  [v2] 4000/11176 질의 완료
  [v2] 6000/11176 질의 완료
  [v2] 8000/11176 질의 완료
  [v2] 10000/11176 질의 완료
[RESULT] {'AUC-ROC': 0.5148330360428993, 'PR-AUC': 0.5405409366582127, 'accuracy': 0.5003867109214587, 'macro-F1': 0.011520764687403201, 'P@50': 0.5045933014354067, 'P@N2': 0.5120921090714567, 'n_types': 209} | wall 1626s
[SAVED] summary.csv + llm_metrics/phi4_zs_ideal_S2.json + raw_preds/phi4_zs_ideal_S2.npz
===== 19:55 gpu=5 split=S1 mode=ideal label=phi4_zs_ideal =====
[v2/ddibn/S1] rows=4978 model=microsoft/phi-4
  [v2] 총 86742 질의 (4978 pair) 병렬 시작 (workers=24)
  [v2] 2000/86742 질의 완료
  [v2] 4000/86742 질의 완료
  [v2] 6000/86742 질의 완료
  [v2] 8000/86742 질의 완료
  [v2] 10000/86742 질의 완료
  [v2] 12000/86742 질의 완료
  [v2] 14000/86742 질의 완료
  [v2] 16000/86742 질의 완료
  [v2] 18000/86742 질의 완료
  [v2] 20000/86742 질의 완료
  [v2] 22000/86742 질의 완료
  [v2] 24000/86742 질의 완료
  [v2] 26000/86742 질의 완료
  [v2] 28000/86742 질의 완료
  [v2] 30000/86742 질의 완료
  [v2] 32000/86742 질의 완료
  [v2] 34000/86742 질의 완료
  [v2] 36000/86742 질의 완료
  [v2] 38000/86742 질의 완료
  [v2] 40000/86742 질의 완료
  [v2] 42000/86742 질의 완료
  [v2] 44000/86742 질의 완료
  [v2] 46000/86742 질의 완료
  [v2] 48000/86742 질의 완료
  [v2] 50000/86742 질의 완료
  [v2] 52000/86742 질의 완료
  [v2] 54000/86742 질의 완료
  [v2] 56000/86742 질의 완료
  [v2] 58000/86742 질의 완료
  [v2] 60000/86742 질의 완료
  [v2] 62000/86742 질의 완료
  [v2] 64000/86742 질의 완료
  [v2] 66000/86742 질의 완료
  [v2] 68000/86742 질의 완료
  [v2] 70000/86742 질의 완료
  [v2] 72000/86742 질의 완료
  [v2] 74000/86742 질의 완료
  [v2] 76000/86742 질의 완료
  [v2] 78000/86742 질의 완료
  [v2] 80000/86742 질의 완료
  [v2] 82000/86742 질의 완료
  [v2] 84000/86742 질의 완료
  [v2] 86000/86742 질의 완료
[RESULT] {'AUC-ROC': 0.493865752625073, 'PR-AUC': 0.5074574805006425, 'accuracy': 0.5002467106164712, 'macro-F1': 0.01655691208304852, 'P@50': 0.5056459330143541, 'P@N2': 0.49563433507198185, 'n_types': 209} | wall 12577s
[SAVED] summary.csv + llm_metrics/phi4_zs_ideal_S1.json + raw_preds/phi4_zs_ideal_S1.npz
===== DONE gpu=5 mode=ideal 23:26 =====
