===== 00:51 GPU4 real S0 =====
[v2/ddibn/S0] rows=1970 model=google/gemma-2-27b-it
  [v2] 총 34018 질의 (1970 pair) 병렬 시작 (workers=24)
  [v2] 2000/34018 질의 완료
  [v2] 4000/34018 질의 완료
  [v2] 6000/34018 질의 완료
  [v2] 8000/34018 질의 완료
  [v2] 10000/34018 질의 완료
  [v2] 12000/34018 질의 완료
  [v2] 14000/34018 질의 완료
  [v2] 16000/34018 질의 완료
  [v2] 18000/34018 질의 완료
  [v2] 20000/34018 질의 완료
  [v2] 22000/34018 질의 완료
  [v2] 24000/34018 질의 완료
  [v2] 26000/34018 질의 완료
  [v2] 28000/34018 질의 완료
  [v2] 30000/34018 질의 완료
  [v2] 32000/34018 질의 완료
  [v2] 34000/34018 질의 완료
[RESULT] {'AUC-ROC': 0.5100796255187072, 'PR-AUC': 0.5231727374896366, 'accuracy': 0.503649064899532, 'macro-F1': 0.21639025544381654, 'P@50': 0.5109090909090909, 'P@N2': 0.5084679879842763, 'n_types': 209} | wall 10763s
[SAVED] summary.csv + llm_metrics/gemma27b_zs_real_S0.json + raw_preds/gemma27b_zs_real_S0.npz
===== 03:52 GPU4 real S2 =====
[v2/ddibn/S2] rows=640 model=google/gemma-2-27b-it
  [v2] 총 11176 질의 (640 pair) 병렬 시작 (workers=24)
  [v2] 2000/11176 질의 완료
  [v2] 4000/11176 질의 완료
  [v2] 6000/11176 질의 완료
  [v2] 8000/11176 질의 완료
  [v2] 10000/11176 질의 완료
[RESULT] {'AUC-ROC': 0.5097726122992103, 'PR-AUC': 0.5395855281513197, 'accuracy': 0.5028659549632941, 'macro-F1': 0.19537638391440054, 'P@50': 0.5017224880382776, 'P@N2': 0.505749824197568, 'n_types': 209} | wall 3612s
[SAVED] summary.csv + llm_metrics/gemma27b_zs_real_S2.json + raw_preds/gemma27b_zs_real_S2.npz
===== 04:54 GPU4 ideal_genes S0 =====
[v2/ddibn/S0] rows=1970 model=google/gemma-2-27b-it
  [v2] 총 34018 질의 (1970 pair) 병렬 시작 (workers=24)
  [v2] 2000/34018 질의 완료
  [v2] 4000/34018 질의 완료
  [v2] 6000/34018 질의 완료
  [v2] 8000/34018 질의 완료
  [v2] 10000/34018 질의 완료
  [v2] 12000/34018 질의 완료
  [v2] 14000/34018 질의 완료
  [v2] 16000/34018 질의 완료
  [v2] 18000/34018 질의 완료
  [v2] 20000/34018 질의 완료
  [v2] 22000/34018 질의 완료
  [v2] 24000/34018 질의 완료
  [v2] 26000/34018 질의 완료
  [v2] 28000/34018 질의 완료
  [v2] 30000/34018 질의 완료
  [v2] 32000/34018 질의 완료
  [v2] 34000/34018 질의 완료
[RESULT] {'AUC-ROC': 0.5125827959957917, 'PR-AUC': 0.5230551263400722, 'accuracy': 0.5048792583173038, 'macro-F1': 0.26900674212749326, 'P@50': 0.5138755980861244, 'P@N2': 0.5078932129371156, 'n_types': 209} | wall 11160s
[SAVED] summary.csv + llm_metrics/gemma27b_zs_genes_S0.json + raw_preds/gemma27b_zs_genes_S0.npz
===== 08:01 GPU4 ideal_genes S2 =====
[v2/ddibn/S2] rows=640 model=google/gemma-2-27b-it
  [v2] 총 11176 질의 (640 pair) 병렬 시작 (workers=24)
  [v2] 2000/11176 질의 완료
  [v2] 4000/11176 질의 완료
  [v2] 6000/11176 질의 완료
  [v2] 8000/11176 질의 완료
  [v2] 10000/11176 질의 완료
[RESULT] {'AUC-ROC': 0.4949002603975382, 'PR-AUC': 0.5262908565829012, 'accuracy': 0.4918174394371567, 'macro-F1': 0.2602015592486681, 'P@50': 0.49971291866028705, 'P@N2': 0.4999469659036908, 'n_types': 209} | wall 3655s
[SAVED] summary.csv + llm_metrics/gemma27b_zs_genes_S2.json + raw_preds/gemma27b_zs_genes_S2.npz
===== 09:03 GPU4 ideal S0 =====
[v2/ddibn/S0] rows=1970 model=google/gemma-2-27b-it
서버 기동 실패
