===== 18:02 gpu=3 split=S0 mode=real label=phi4_zs_real =====
error    libmamba Could not set lock (Resource temporarily unavailable)
warning  libmamba Cannot lock '/home/rudwls2717/.mamba/proc'
    Waiting for other mamba process to finish
[v2/ddibn/S0] rows=1970 model=microsoft/phi-4
  [v2] 총 34018 질의 (1970 pair) 병렬 시작 (workers=24)
  [v2] 2000/34018 질의 완료
  [v2] 4000/34018 질의 완료
  [v2] 6000/34018 질의 완료
  [v2] 8000/34018 질의 완료
  [v2] 10000/34018 질의 완료
  [v2] 12000/34018 질의 완료
  [v2] 14000/34018 질의 완료
  [v2] 16000/34018 질의 완료
  [v2] 18000/34018 질의 완료
  [v2] 20000/34018 질의 완료
  [v2] 22000/34018 질의 완료
  [v2] 24000/34018 질의 완료
  [v2] 26000/34018 질의 완료
  [v2] 28000/34018 질의 완료
  [v2] 30000/34018 질의 완료
  [v2] 32000/34018 질의 완료
  [v2] 34000/34018 질의 완료
[RESULT] {'AUC-ROC': 0.48735591669207945, 'PR-AUC': 0.49586631858708435, 'accuracy': 0.4998891904438505, 'macro-F1': 0.0009002431430932674, 'P@50': 0.48392344497607653, 'P@N2': 0.4933811439665626, 'n_types': 209} | wall 4200s
[SAVED] summary.csv + llm_metrics/phi4_zs_real_S0.json + raw_preds/phi4_zs_real_S0.npz
===== 19:14 gpu=3 split=S2 mode=real label=phi4_zs_real =====
[v2/ddibn/S2] rows=640 model=microsoft/phi-4
  [v2] 총 11176 질의 (640 pair) 병렬 시작 (workers=24)
  [v2] 2000/11176 질의 완료
  [v2] 4000/11176 질의 완료
  [v2] 6000/11176 질의 완료
  [v2] 8000/11176 질의 완료
  [v2] 10000/11176 질의 완료
[RESULT] {'AUC-ROC': 0.4927736635763496, 'PR-AUC': 0.5355921074299226, 'accuracy': 0.5, 'macro-F1': 0.0, 'P@50': 0.4955980861244018, 'P@N2': 0.49357302237051265, 'n_types': 209} | wall 1433s
[SAVED] summary.csv + llm_metrics/phi4_zs_real_S2.json + raw_preds/phi4_zs_real_S2.npz
===== 19:40 gpu=3 split=S1 mode=real label=phi4_zs_real =====
[v2/ddibn/S1] rows=4978 model=microsoft/phi-4
  [v2] 총 86742 질의 (4978 pair) 병렬 시작 (workers=24)
  [v2] 2000/86742 질의 완료
  [v2] 4000/86742 질의 완료
  [v2] 6000/86742 질의 완료
  [v2] 8000/86742 질의 완료
  [v2] 10000/86742 질의 완료
  [v2] 12000/86742 질의 완료
  [v2] 14000/86742 질의 완료
  [v2] 16000/86742 질의 완료
  [v2] 18000/86742 질의 완료
  [v2] 20000/86742 질의 완료
  [v2] 22000/86742 질의 완료
  [v2] 24000/86742 질의 완료
  [v2] 26000/86742 질의 완료
  [v2] 28000/86742 질의 완료
  [v2] 30000/86742 질의 완료
  [v2] 32000/86742 질의 완료
  [v2] 34000/86742 질의 완료
  [v2] 36000/86742 질의 완료
  [v2] 38000/86742 질의 완료
  [v2] 40000/86742 질의 완료
  [v2] 42000/86742 질의 완료
  [v2] 44000/86742 질의 완료
  [v2] 46000/86742 질의 완료
  [v2] 48000/86742 질의 완료
  [v2] 50000/86742 질의 완료
  [v2] 52000/86742 질의 완료
  [v2] 54000/86742 질의 완료
  [v2] 56000/86742 질의 완료
  [v2] 58000/86742 질의 완료
  [v2] 60000/86742 질의 완료
  [v2] 62000/86742 질의 완료
  [v2] 64000/86742 질의 완료
  [v2] 66000/86742 질의 완료
  [v2] 68000/86742 질의 완료
  [v2] 70000/86742 질의 완료
  [v2] 72000/86742 질의 완료
  [v2] 74000/86742 질의 완료
  [v2] 76000/86742 질의 완료
  [v2] 78000/86742 질의 완료
  [v2] 80000/86742 질의 완료
  [v2] 82000/86742 질의 완료
  [v2] 84000/86742 질의 완료
  [v2] 86000/86742 질의 완료
[RESULT] {'AUC-ROC': 0.4492033444246111, 'PR-AUC': 0.47142750100994013, 'accuracy': 0.49987369283318656, 'macro-F1': 0.0004758181123585044, 'P@50': 0.431578947368421, 'P@N2': 0.4609108523285657, 'n_types': 209} | wall 10842s
[SAVED] summary.csv + llm_metrics/phi4_zs_real_S1.json + raw_preds/phi4_zs_real_S1.npz
===== DONE gpu=3 mode=real 22:42 =====
