===== 16:01 gpu=3 split=S0 mode=ideal_genes label=phi35_zs_genes =====
error    libmamba Could not set lock (Resource temporarily unavailable)
warning  libmamba Cannot lock '/home/rudwls2717/.mamba/proc'
    Waiting for other mamba process to finish
[v2/ddibn/S0] rows=1970 model=microsoft/Phi-3.5-mini-instruct
  [v2] 총 34018 질의 (1970 pair) 병렬 시작 (workers=24)
  [v2] 2000/34018 질의 완료
  [v2] 4000/34018 질의 완료
  [v2] 6000/34018 질의 완료
  [v2] 8000/34018 질의 완료
  [v2] 10000/34018 질의 완료
  [v2] 12000/34018 질의 완료
  [v2] 14000/34018 질의 완료
  [v2] 16000/34018 질의 완료
  [v2] 18000/34018 질의 완료
  [v2] 20000/34018 질의 완료
  [v2] 22000/34018 질의 완료
  [v2] 24000/34018 질의 완료
  [v2] 26000/34018 질의 완료
  [v2] 28000/34018 질의 완료
  [v2] 30000/34018 질의 완료
  [v2] 32000/34018 질의 완료
  [v2] 34000/34018 질의 완료
[RESULT] {'AUC-ROC': 0.5099674430992222, 'PR-AUC': 0.5181284148654826, 'accuracy': 0.4996360220281782, 'macro-F1': 0.005974219494941672, 'P@50': 0.5053588516746411, 'P@N2': 0.5055897460964381, 'n_types': 209} | wall 1715s
[SAVED] summary.csv + llm_metrics/phi35_zs_genes_S0.json + raw_preds/phi35_zs_genes_S0.npz
===== 16:31 gpu=3 split=S2 mode=ideal_genes label=phi35_zs_genes =====
[v2/ddibn/S2] rows=640 model=microsoft/Phi-3.5-mini-instruct
  [v2] 총 11176 질의 (640 pair) 병렬 시작 (workers=24)
  [v2] 2000/11176 질의 완료
  [v2] 4000/11176 질의 완료
  [v2] 6000/11176 질의 완료
  [v2] 8000/11176 질의 완료
  [v2] 10000/11176 질의 완료
[RESULT] {'AUC-ROC': 0.5400384272927145, 'PR-AUC': 0.583200440141785, 'accuracy': 0.5001603974897856, 'macro-F1': 0.00388300296195033, 'P@50': 0.5038277511961722, 'P@N2': 0.5261234518459917, 'n_types': 209} | wall 567s
[SAVED] summary.csv + llm_metrics/phi35_zs_genes_S2.json + raw_preds/phi35_zs_genes_S2.npz
===== 16:41 gpu=3 split=S1 mode=ideal_genes label=phi35_zs_genes =====
[v2/ddibn/S1] rows=4978 model=microsoft/Phi-3.5-mini-instruct
  [v2] 총 86742 질의 (4978 pair) 병렬 시작 (workers=24)
  [v2] 2000/86742 질의 완료
  [v2] 4000/86742 질의 완료
  [v2] 6000/86742 질의 완료
  [v2] 8000/86742 질의 완료
  [v2] 10000/86742 질의 완료
  [v2] 12000/86742 질의 완료
  [v2] 14000/86742 질의 완료
  [v2] 16000/86742 질의 완료
  [v2] 18000/86742 질의 완료
  [v2] 20000/86742 질의 완료
  [v2] 22000/86742 질의 완료
  [v2] 24000/86742 질의 완료
  [v2] 26000/86742 질의 완료
  [v2] 28000/86742 질의 완료
  [v2] 30000/86742 질의 완료
  [v2] 32000/86742 질의 완료
  [v2] 34000/86742 질의 완료
  [v2] 36000/86742 질의 완료
  [v2] 38000/86742 질의 완료
  [v2] 40000/86742 질의 완료
  [v2] 42000/86742 질의 완료
  [v2] 44000/86742 질의 완료
  [v2] 46000/86742 질의 완료
  [v2] 48000/86742 질의 완료
  [v2] 50000/86742 질의 완료
  [v2] 52000/86742 질의 완료
  [v2] 54000/86742 질의 완료
  [v2] 56000/86742 질의 완료
  [v2] 58000/86742 질의 완료
  [v2] 60000/86742 질의 완료
  [v2] 62000/86742 질의 완료
  [v2] 64000/86742 질의 완료
  [v2] 66000/86742 질의 완료
  [v2] 68000/86742 질의 완료
  [v2] 70000/86742 질의 완료
  [v2] 72000/86742 질의 완료
  [v2] 74000/86742 질의 완료
  [v2] 76000/86742 질의 완료
  [v2] 78000/86742 질의 완료
  [v2] 80000/86742 질의 완료
  [v2] 82000/86742 질의 완료
  [v2] 84000/86742 질의 완료
  [v2] 86000/86742 질의 완료
[RESULT] {'AUC-ROC': 0.49479605227798745, 'PR-AUC': 0.500747369393668, 'accuracy': 0.49990266310110815, 'macro-F1': 0.003483241575623833, 'P@50': 0.48076555023923445, 'P@N2': 0.4978409026972452, 'n_types': 209} | wall 4327s
[SAVED] summary.csv + llm_metrics/phi35_zs_genes_S1.json + raw_preds/phi35_zs_genes_S1.npz
===== DONE gpu=3 mode=ideal_genes 17:55 =====
