[v2/ddibn/S1] rows=4978 model=google/gemma-2-2b-it
  [v2] 총 86742 질의 (4978 pair) 병렬 시작 (workers=24)
  [v2] 2000/86742 질의 완료
  [v2] 4000/86742 질의 완료
  [v2] 6000/86742 질의 완료
  [v2] 8000/86742 질의 완료
  [v2] 10000/86742 질의 완료
  [v2] 12000/86742 질의 완료
  [v2] 14000/86742 질의 완료
  [v2] 16000/86742 질의 완료
  [v2] 18000/86742 질의 완료
  [v2] 20000/86742 질의 완료
  [v2] 22000/86742 질의 완료
  [v2] 24000/86742 질의 완료
  [v2] 26000/86742 질의 완료
  [v2] 28000/86742 질의 완료
  [v2] 30000/86742 질의 완료
  [v2] 32000/86742 질의 완료
  [v2] 34000/86742 질의 완료
  [v2] 36000/86742 질의 완료
  [v2] 38000/86742 질의 완료
  [v2] 40000/86742 질의 완료
  [v2] 42000/86742 질의 완료
  [v2] 44000/86742 질의 완료
  [v2] 46000/86742 질의 완료
  [v2] 48000/86742 질의 완료
  [v2] 50000/86742 질의 완료
  [v2] 52000/86742 질의 완료
  [v2] 54000/86742 질의 완료
  [v2] 56000/86742 질의 완료
  [v2] 58000/86742 질의 완료
  [v2] 60000/86742 질의 완료
  [v2] 62000/86742 질의 완료
  [v2] 64000/86742 질의 완료
  [v2] 66000/86742 질의 완료
  [v2] 68000/86742 질의 완료
  [v2] 70000/86742 질의 완료
  [v2] 72000/86742 질의 완료
  [v2] 74000/86742 질의 완료
  [v2] 76000/86742 질의 완료
  [v2] 78000/86742 질의 완료
  [v2] 80000/86742 질의 완료
  [v2] 82000/86742 질의 완료
  [v2] 84000/86742 질의 완료
  [v2] 86000/86742 질의 완료
[RESULT] {'AUC-ROC': 0.4981012803513083, 'PR-AUC': 0.5099893082968475, 'accuracy': 0.49989583619340494, 'macro-F1': 5.5961274797839894e-05, 'P@50': 0.5178947368421053, 'P@N2': 0.49932308976637274, 'n_types': 209} | wall 26993s
[SAVED] summary.csv + llm_metrics/gemma2b_zs_genes_S1.json + raw_preds/gemma2b_zs_genes_S1.npz
