===== 07:30 GPU0 ideal S0 =====
[v2/ddibn/S0] rows=1970 model=google/gemma-2-27b-it
  [v2] 총 34018 질의 (1970 pair) 병렬 시작 (workers=24)
  [v2] 2000/34018 질의 완료
  [v2] 4000/34018 질의 완료
  [v2] 6000/34018 질의 완료
  [v2] 8000/34018 질의 완료
  [v2] 10000/34018 질의 완료
  [v2] 12000/34018 질의 완료
  [v2] 14000/34018 질의 완료
  [v2] 16000/34018 질의 완료
  [v2] 18000/34018 질의 완료
  [v2] 20000/34018 질의 완료
  [v2] 22000/34018 질의 완료
  [v2] 24000/34018 질의 완료
  [v2] 26000/34018 질의 완료
  [v2] 28000/34018 질의 완료
  [v2] 30000/34018 질의 완료
  [v2] 32000/34018 질의 완료
  [v2] 34000/34018 질의 완료
[RESULT] {'AUC-ROC': 0.5220019846647347, 'PR-AUC': 0.5343506098275257, 'accuracy': 0.5124886117117583, 'macro-F1': 0.2717539042484237, 'P@50': 0.5220095693779904, 'P@N2': 0.5155165438929945, 'n_types': 209} | wall 10883s
[SAVED] summary.csv + llm_metrics/gemma27b_zs_ideal_S0.json + raw_preds/gemma27b_zs_ideal_S0.npz
===== 10:33 GPU0 ideal S2 =====
[v2/ddibn/S2] rows=640 model=google/gemma-2-27b-it
  [v2] 총 11176 질의 (640 pair) 병렬 시작 (workers=24)
  [v2] 2000/11176 질의 완료
  [v2] 4000/11176 질의 완료
  [v2] 6000/11176 질의 완료
  [v2] 8000/11176 질의 완료
  [v2] 10000/11176 질의 완료
[RESULT] {'AUC-ROC': 0.5206871216980228, 'PR-AUC': 0.5423846991443763, 'accuracy': 0.49860226171383903, 'macro-F1': 0.2716042875696754, 'P@50': 0.5030622009569379, 'P@N2': 0.5164495413393895, 'n_types': 209} | wall 3725s
[SAVED] summary.csv + llm_metrics/gemma27b_zs_ideal_S2.json + raw_preds/gemma27b_zs_ideal_S2.npz
===== g27 ideal S0/S2 DONE 11:37 =====
