===== 16:01 gpu=1 split=S0 mode=real label=phi35_zs_real =====
error    libmamba Could not set lock (Resource temporarily unavailable)
warning  libmamba Cannot lock '/home/rudwls2717/.mamba/proc'
    Waiting for other mamba process to finish
[v2/ddibn/S0] rows=1970 model=microsoft/Phi-3.5-mini-instruct
  [v2] 총 34018 질의 (1970 pair) 병렬 시작 (workers=24)
  [v2] 2000/34018 질의 완료
  [v2] 4000/34018 질의 완료
  [v2] 6000/34018 질의 완료
  [v2] 8000/34018 질의 완료
  [v2] 10000/34018 질의 완료
  [v2] 12000/34018 질의 완료
  [v2] 14000/34018 질의 완료
  [v2] 16000/34018 질의 완료
  [v2] 18000/34018 질의 완료
  [v2] 20000/34018 질의 완료
  [v2] 22000/34018 질의 완료
  [v2] 24000/34018 질의 완료
  [v2] 26000/34018 질의 완료
  [v2] 28000/34018 질의 완료
  [v2] 30000/34018 질의 완료
  [v2] 32000/34018 질의 완료
  [v2] 34000/34018 질의 완료
[RESULT] {'AUC-ROC': 0.480662899319229, 'PR-AUC': 0.5070762934471178, 'accuracy': 0.5000219481146569, 'macro-F1': 0.0002518257365902795, 'P@50': 0.4910047846889952, 'P@N2': 0.49105530336401076, 'n_types': 209} | wall 1507s
[SAVED] summary.csv + llm_metrics/phi35_zs_real_S0.json + raw_preds/phi35_zs_real_S0.npz
===== 16:27 gpu=1 split=S2 mode=real label=phi35_zs_real =====
[v2/ddibn/S2] rows=640 model=microsoft/Phi-3.5-mini-instruct
  [v2] 총 11176 질의 (640 pair) 병렬 시작 (workers=24)
  [v2] 2000/11176 질의 완료
  [v2] 4000/11176 질의 완료
  [v2] 6000/11176 질의 완료
  [v2] 8000/11176 질의 완료
  [v2] 10000/11176 질의 완료
[RESULT] {'AUC-ROC': 0.3582115821467196, 'PR-AUC': 0.44816377402670643, 'accuracy': 0.5, 'macro-F1': 0.0, 'P@50': 0.476267942583732, 'P@N2': 0.3906119566354912, 'n_types': 209} | wall 514s
[SAVED] summary.csv + llm_metrics/phi35_zs_real_S2.json + raw_preds/phi35_zs_real_S2.npz
===== 16:37 gpu=1 split=S1 mode=real label=phi35_zs_real =====
[v2/ddibn/S1] rows=4978 model=microsoft/Phi-3.5-mini-instruct
  [v2] 총 86742 질의 (4978 pair) 병렬 시작 (workers=24)
  [v2] 2000/86742 질의 완료
  [v2] 4000/86742 질의 완료
  [v2] 6000/86742 질의 완료
  [v2] 8000/86742 질의 완료
  [v2] 10000/86742 질의 완료
  [v2] 12000/86742 질의 완료
  [v2] 14000/86742 질의 완료
  [v2] 16000/86742 질의 완료
  [v2] 18000/86742 질의 완료
  [v2] 20000/86742 질의 완료
  [v2] 22000/86742 질의 완료
  [v2] 24000/86742 질의 완료
  [v2] 26000/86742 질의 완료
  [v2] 28000/86742 질의 완료
  [v2] 30000/86742 질의 완료
  [v2] 32000/86742 질의 완료
  [v2] 34000/86742 질의 완료
  [v2] 36000/86742 질의 완료
  [v2] 38000/86742 질의 완료
  [v2] 40000/86742 질의 완료
  [v2] 42000/86742 질의 완료
  [v2] 44000/86742 질의 완료
  [v2] 46000/86742 질의 완료
  [v2] 48000/86742 질의 완료
  [v2] 50000/86742 질의 완료
  [v2] 52000/86742 질의 완료
  [v2] 54000/86742 질의 완료
  [v2] 56000/86742 질의 완료
  [v2] 58000/86742 질의 완료
  [v2] 60000/86742 질의 완료
  [v2] 62000/86742 질의 완료
  [v2] 64000/86742 질의 완료
  [v2] 66000/86742 질의 완료
  [v2] 68000/86742 질의 완료
  [v2] 70000/86742 질의 완료
  [v2] 72000/86742 질의 완료
  [v2] 74000/86742 질의 완료
  [v2] 76000/86742 질의 완료
  [v2] 78000/86742 질의 완료
  [v2] 80000/86742 질의 완료
  [v2] 82000/86742 질의 완료
  [v2] 84000/86742 질의 완료
  [v2] 86000/86742 질의 완료
[RESULT] {'AUC-ROC': 0.42971231636556767, 'PR-AUC': 0.45513291982266785, 'accuracy': 0.49997301867107957, 'macro-F1': 3.5311357898267976e-05, 'P@50': 0.39177033492822966, 'P@N2': 0.45437326259471594, 'n_types': 209} | wall 3931s
[SAVED] summary.csv + llm_metrics/phi35_zs_real_S1.json + raw_preds/phi35_zs_real_S1.npz
===== DONE gpu=1 mode=real 17:44 =====
