[ftcv_v2/microsoft_phi-4_real_seed42] 3 epoch 어댑터 LoRA serving (GPU0, mode=real)
  [S0] val rows=1970 (FULL)
  [v2] 총 32580 질의 (1970 pair) 병렬 시작 (workers=24)
  [v2] 2000/32580 질의 완료
  [v2] 4000/32580 질의 완료
  [v2] 6000/32580 질의 완료
  [v2] 8000/32580 질의 완료
  [v2] 10000/32580 질의 완료
  [v2] 12000/32580 질의 완료
  [v2] 14000/32580 질의 완료
  [v2] 16000/32580 질의 완료
  [v2] 18000/32580 질의 완료
  [v2] 20000/32580 질의 완료
  [v2] 22000/32580 질의 완료
  [v2] 24000/32580 질의 완료
  [v2] 26000/32580 질의 완료
  [v2] 28000/32580 질의 완료
  [v2] 30000/32580 질의 완료
  [v2] 32000/32580 질의 완료
  [S0] ep1 val_AUROC=0.9797 val_acc=0.9261 val_f1=0.9264
  [v2] 총 32580 질의 (1970 pair) 병렬 시작 (workers=24)
  [v2] 2000/32580 질의 완료
  [v2] 4000/32580 질의 완료
  [v2] 6000/32580 질의 완료
  [v2] 8000/32580 질의 완료
  [v2] 10000/32580 질의 완료
  [v2] 12000/32580 질의 완료
  [v2] 14000/32580 질의 완료
  [v2] 16000/32580 질의 완료
  [v2] 18000/32580 질의 완료
  [v2] 20000/32580 질의 완료
  [v2] 22000/32580 질의 완료
  [v2] 24000/32580 질의 완료
  [v2] 26000/32580 질의 완료
  [v2] 28000/32580 질의 완료
  [v2] 30000/32580 질의 완료
  [v2] 32000/32580 질의 완료
  [S0] ep2 val_AUROC=0.9787 val_acc=0.9324 val_f1=0.9323
  [v2] 총 32580 질의 (1970 pair) 병렬 시작 (workers=24)
  [v2] 2000/32580 질의 완료
  [v2] 4000/32580 질의 완료
  [v2] 6000/32580 질의 완료
  [v2] 8000/32580 질의 완료
  [v2] 10000/32580 질의 완료
  [v2] 12000/32580 질의 완료
  [v2] 14000/32580 질의 완료
  [v2] 16000/32580 질의 완료
  [v2] 18000/32580 질의 완료
  [v2] 20000/32580 질의 완료
  [v2] 22000/32580 질의 완료
  [v2] 24000/32580 질의 완료
  [v2] 26000/32580 질의 완료
  [v2] 28000/32580 질의 완료
  [v2] 30000/32580 질의 완료
  [v2] 32000/32580 질의 완료
  [S0] ep3 val_AUROC=0.9778 val_acc=0.9141 val_f1=0.9179
  [S0] -> best epoch 1 (val_AUROC 0.9797)
  [S1] val rows=4978 (FULL)
  [v2] 총 83614 질의 (4978 pair) 병렬 시작 (workers=24)
  [v2] 2000/83614 질의 완료
  [v2] 4000/83614 질의 완료
  [v2] 6000/83614 질의 완료
  [v2] 8000/83614 질의 완료
  [v2] 10000/83614 질의 완료
  [v2] 12000/83614 질의 완료
  [v2] 14000/83614 질의 완료
  [v2] 16000/83614 질의 완료
  [v2] 18000/83614 질의 완료
  [v2] 20000/83614 질의 완료
  [v2] 22000/83614 질의 완료
  [v2] 24000/83614 질의 완료
  [v2] 26000/83614 질의 완료
  [v2] 28000/83614 질의 완료
  [v2] 30000/83614 질의 완료
  [v2] 32000/83614 질의 완료
  [v2] 34000/83614 질의 완료
  [v2] 36000/83614 질의 완료
  [v2] 38000/83614 질의 완료
  [v2] 40000/83614 질의 완료
  [v2] 42000/83614 질의 완료
  [v2] 44000/83614 질의 완료
  [v2] 46000/83614 질의 완료
  [v2] 48000/83614 질의 완료
  [v2] 50000/83614 질의 완료
  [v2] 52000/83614 질의 완료
  [v2] 54000/83614 질의 완료
  [v2] 56000/83614 질의 완료
  [v2] 58000/83614 질의 완료
  [v2] 60000/83614 질의 완료
  [v2] 62000/83614 질의 완료
  [v2] 64000/83614 질의 완료
  [v2] 66000/83614 질의 완료
  [v2] 68000/83614 질의 완료
  [v2] 70000/83614 질의 완료
  [v2] 72000/83614 질의 완료
  [v2] 74000/83614 질의 완료
  [v2] 76000/83614 질의 완료
  [v2] 78000/83614 질의 완료
  [v2] 80000/83614 질의 완료
  [v2] 82000/83614 질의 완료
  [S1] ep1 val_AUROC=0.8869 val_acc=0.8128 val_f1=0.8125
  [v2] 총 83614 질의 (4978 pair) 병렬 시작 (workers=24)
  [v2] 2000/83614 질의 완료
  [v2] 4000/83614 질의 완료
  [v2] 6000/83614 질의 완료
  [v2] 8000/83614 질의 완료
  [v2] 10000/83614 질의 완료
  [v2] 12000/83614 질의 완료
  [v2] 14000/83614 질의 완료
  [v2] 16000/83614 질의 완료
  [v2] 18000/83614 질의 완료
  [v2] 20000/83614 질의 완료
  [v2] 22000/83614 질의 완료
  [v2] 24000/83614 질의 완료
  [v2] 26000/83614 질의 완료
  [v2] 28000/83614 질의 완료
  [v2] 30000/83614 질의 완료
  [v2] 32000/83614 질의 완료
  [v2] 34000/83614 질의 완료
  [v2] 36000/83614 질의 완료
  [v2] 38000/83614 질의 완료
  [v2] 40000/83614 질의 완료
  [v2] 42000/83614 질의 완료
  [v2] 44000/83614 질의 완료
  [v2] 46000/83614 질의 완료
  [v2] 48000/83614 질의 완료
  [v2] 50000/83614 질의 완료
  [v2] 52000/83614 질의 완료
  [v2] 54000/83614 질의 완료
  [v2] 56000/83614 질의 완료
  [v2] 58000/83614 질의 완료
  [v2] 60000/83614 질의 완료
  [v2] 62000/83614 질의 완료
  [v2] 64000/83614 질의 완료
  [v2] 66000/83614 질의 완료
  [v2] 68000/83614 질의 완료
  [v2] 70000/83614 질의 완료
  [v2] 72000/83614 질의 완료
  [v2] 74000/83614 질의 완료
  [v2] 76000/83614 질의 완료
  [v2] 78000/83614 질의 완료
  [v2] 80000/83614 질의 완료
  [v2] 82000/83614 질의 완료
  [S1] ep2 val_AUROC=0.8828 val_acc=0.8059 val_f1=0.8133
  [v2] 총 83614 질의 (4978 pair) 병렬 시작 (workers=24)
  [v2] 2000/83614 질의 완료
  [v2] 4000/83614 질의 완료
  [v2] 6000/83614 질의 완료
  [v2] 8000/83614 질의 완료
  [v2] 10000/83614 질의 완료
  [v2] 12000/83614 질의 완료
  [v2] 14000/83614 질의 완료
  [v2] 16000/83614 질의 완료
  [v2] 18000/83614 질의 완료
  [v2] 20000/83614 질의 완료
  [v2] 22000/83614 질의 완료
  [v2] 24000/83614 질의 완료
  [v2] 26000/83614 질의 완료
  [v2] 28000/83614 질의 완료
  [v2] 30000/83614 질의 완료
  [v2] 32000/83614 질의 완료
  [v2] 34000/83614 질의 완료
  [v2] 36000/83614 질의 완료
  [v2] 38000/83614 질의 완료
  [v2] 40000/83614 질의 완료
  [v2] 42000/83614 질의 완료
  [v2] 44000/83614 질의 완료
  [v2] 46000/83614 질의 완료
  [v2] 48000/83614 질의 완료
  [v2] 50000/83614 질의 완료
  [v2] 52000/83614 질의 완료
  [v2] 54000/83614 질의 완료
  [v2] 56000/83614 질의 완료
  [v2] 58000/83614 질의 완료
  [v2] 60000/83614 질의 완료
  [v2] 62000/83614 질의 완료
  [v2] 64000/83614 질의 완료
  [v2] 66000/83614 질의 완료
  [v2] 68000/83614 질의 완료
  [v2] 70000/83614 질의 완료
  [v2] 72000/83614 질의 완료
  [v2] 74000/83614 질의 완료
  [v2] 76000/83614 질의 완료
  [v2] 78000/83614 질의 완료
  [v2] 80000/83614 질의 완료
  [v2] 82000/83614 질의 완료
  [S1] ep3 val_AUROC=0.8899 val_acc=0.8051 val_f1=0.8210
  [S1] -> best epoch 3 (val_AUROC 0.8899)
  [S2] val rows=640 (FULL)
  [v2] 총 10930 질의 (640 pair) 병렬 시작 (workers=24)
  [v2] 2000/10930 질의 완료
  [v2] 4000/10930 질의 완료
  [v2] 6000/10930 질의 완료
  [v2] 8000/10930 질의 완료
  [v2] 10000/10930 질의 완료
  [S2] ep1 val_AUROC=0.5269 val_acc=0.5306 val_f1=0.5205
  [v2] 총 10930 질의 (640 pair) 병렬 시작 (workers=24)
  [v2] 2000/10930 질의 완료
  [v2] 4000/10930 질의 완료
  [v2] 6000/10930 질의 완료
  [v2] 8000/10930 질의 완료
  [v2] 10000/10930 질의 완료
  [S2] ep2 val_AUROC=0.4355 val_acc=0.4562 val_f1=0.4502
  [v2] 총 10930 질의 (640 pair) 병렬 시작 (workers=24)
  [v2] 2000/10930 질의 완료
  [v2] 4000/10930 질의 완료
  [v2] 6000/10930 질의 완료
  [v2] 8000/10930 질의 완료
  [v2] 10000/10930 질의 완료
  [S2] ep3 val_AUROC=0.5367 val_acc=0.5089 val_f1=0.5640
  [S2] -> best epoch 3 (val_AUROC 0.5367)
  [v2] 총 34018 질의 (1970 pair) 병렬 시작 (workers=24)
  [v2] 2000/34018 질의 완료
  [v2] 4000/34018 질의 완료
  [v2] 6000/34018 질의 완료
  [v2] 8000/34018 질의 완료
  [v2] 10000/34018 질의 완료
  [v2] 12000/34018 질의 완료
  [v2] 14000/34018 질의 완료
  [v2] 16000/34018 질의 완료
  [v2] 18000/34018 질의 완료
  [v2] 20000/34018 질의 완료
  [v2] 22000/34018 질의 완료
  [v2] 24000/34018 질의 완료
  [v2] 26000/34018 질의 완료
  [v2] 28000/34018 질의 완료
  [v2] 30000/34018 질의 완료
  [v2] 32000/34018 질의 완료
  [v2] 34000/34018 질의 완료
  [TEST best S0] ep1: AUROC=0.9855
  [TEST ep3 S0] skip
  [v2] 총 86742 질의 (4978 pair) 병렬 시작 (workers=24)
  [v2] 2000/86742 질의 완료
  [v2] 4000/86742 질의 완료
  [v2] 6000/86742 질의 완료
  [v2] 8000/86742 질의 완료
  [v2] 10000/86742 질의 완료
  [v2] 12000/86742 질의 완료
  [v2] 14000/86742 질의 완료
  [v2] 16000/86742 질의 완료
  [v2] 18000/86742 질의 완료
  [v2] 20000/86742 질의 완료
  [v2] 22000/86742 질의 완료
  [v2] 24000/86742 질의 완료
  [v2] 26000/86742 질의 완료
  [v2] 28000/86742 질의 완료
  [v2] 30000/86742 질의 완료
  [v2] 32000/86742 질의 완료
  [v2] 34000/86742 질의 완료
  [v2] 36000/86742 질의 완료
  [v2] 38000/86742 질의 완료
  [v2] 40000/86742 질의 완료
  [v2] 42000/86742 질의 완료
  [v2] 44000/86742 질의 완료
  [v2] 46000/86742 질의 완료
  [v2] 48000/86742 질의 완료
  [v2] 50000/86742 질의 완료
  [v2] 52000/86742 질의 완료
  [v2] 54000/86742 질의 완료
  [v2] 56000/86742 질의 완료
  [v2] 58000/86742 질의 완료
  [v2] 60000/86742 질의 완료
  [v2] 62000/86742 질의 완료
  [v2] 64000/86742 질의 완료
  [v2] 66000/86742 질의 완료
  [v2] 68000/86742 질의 완료
  [v2] 70000/86742 질의 완료
  [v2] 72000/86742 질의 완료
  [v2] 74000/86742 질의 완료
  [v2] 76000/86742 질의 완료
  [v2] 78000/86742 질의 완료
  [v2] 80000/86742 질의 완료
  [v2] 82000/86742 질의 완료
  [v2] 84000/86742 질의 완료
  [v2] 86000/86742 질의 완료
  [TEST best S1] ep3: AUROC=0.8799
  [TEST ep3 S1] skip
  [v2] 총 11176 질의 (640 pair) 병렬 시작 (workers=24)
  [v2] 2000/11176 질의 완료
  [v2] 4000/11176 질의 완료
  [v2] 6000/11176 질의 완료
  [v2] 8000/11176 질의 완료
  [v2] 10000/11176 질의 완료
  [TEST best S2] ep3: AUROC=0.6221
  [TEST ep3 S2] skip
[ftcv_v2/microsoft_phi-4_real_seed42] DONE. best epoch: S0:ep1, S1:ep3, S2:ep3
