[test_epochs] 6 어댑터 serving GPU0: ['real_ep1', 'real_ep2', 'real_ep3', 'ideal_ep1', 'ideal_ep2', 'ideal_ep3']
  [v2] 총 11176 질의 (640 pair) 병렬 시작 (workers=24)
  [v2] 2000/11176 질의 완료
  [v2] 4000/11176 질의 완료
  [v2] 6000/11176 질의 완료
  [v2] 8000/11176 질의 완료
  [v2] 10000/11176 질의 완료
[real:S2:1] AUROC=0.5697 F1=0.5790 | 1707s
  [v2] 총 11176 질의 (640 pair) 병렬 시작 (workers=24)
  [v2] 2000/11176 질의 완료
  [v2] 4000/11176 질의 완료
  [v2] 6000/11176 질의 완료
  [v2] 8000/11176 질의 완료
  [v2] 10000/11176 질의 완료
[real:S2:2] AUROC=0.5028 F1=0.4902 | 1848s
  [v2] 총 11176 질의 (640 pair) 병렬 시작 (workers=24)
  [v2] 2000/11176 질의 완료
  [v2] 4000/11176 질의 완료
  [v2] 6000/11176 질의 완료
  [v2] 8000/11176 질의 완료
  [v2] 10000/11176 질의 완료
[ideal:S2:2] AUROC=0.6203 F1=0.5188 | 2164s
[test_epochs] ALL DONE
