[test_epochs_gen] merge=False 3 어댑터 serving GPU0: ['real_ep1', 'real_ep2', 'real_ep3']
  [v2] 총 34018 질의 (1970 pair) 병렬 시작 (workers=24)
  [v2] 2000/34018 질의 완료
  [v2] 4000/34018 질의 완료
  [v2] 6000/34018 질의 완료
  [v2] 8000/34018 질의 완료
  [v2] 10000/34018 질의 완료
  [v2] 12000/34018 질의 완료
  [v2] 14000/34018 질의 완료
  [v2] 16000/34018 질의 완료
  [v2] 18000/34018 질의 완료
  [v2] 20000/34018 질의 완료
  [v2] 22000/34018 질의 완료
  [v2] 24000/34018 질의 완료
  [v2] 26000/34018 질의 완료
  [v2] 28000/34018 질의 완료
  [v2] 30000/34018 질의 완료
  [v2] 32000/34018 질의 완료
  [v2] 34000/34018 질의 완료
[real:S0:1] AUROC=0.9745 F1=0.9038 | 6232s
  [v2] 총 86742 질의 (4978 pair) 병렬 시작 (workers=24)
  [v2] 2000/86742 질의 완료
  [v2] 4000/86742 질의 완료
  [v2] 6000/86742 질의 완료
  [v2] 8000/86742 질의 완료
  [v2] 10000/86742 질의 완료
  [v2] 12000/86742 질의 완료
  [v2] 14000/86742 질의 완료
  [v2] 16000/86742 질의 완료
  [v2] 18000/86742 질의 완료
  [v2] 20000/86742 질의 완료
  [v2] 22000/86742 질의 완료
  [v2] 24000/86742 질의 완료
  [v2] 26000/86742 질의 완료
  [v2] 28000/86742 질의 완료
  [v2] 30000/86742 질의 완료
  [v2] 32000/86742 질의 완료
  [v2] 34000/86742 질의 완료
  [v2] 36000/86742 질의 완료
  [v2] 38000/86742 질의 완료
  [v2] 40000/86742 질의 완료
  [v2] 42000/86742 질의 완료
  [v2] 44000/86742 질의 완료
  [v2] 46000/86742 질의 완료
  [v2] 48000/86742 질의 완료
  [v2] 50000/86742 질의 완료
  [v2] 52000/86742 질의 완료
  [v2] 54000/86742 질의 완료
  [v2] 56000/86742 질의 완료
  [v2] 58000/86742 질의 완료
  [v2] 60000/86742 질의 완료
  [v2] 62000/86742 질의 완료
  [v2] 64000/86742 질의 완료
  [v2] 66000/86742 질의 완료
  [v2] 68000/86742 질의 완료
  [v2] 70000/86742 질의 완료
  [v2] 72000/86742 질의 완료
  [v2] 74000/86742 질의 완료
  [v2] 76000/86742 질의 완료
  [v2] 78000/86742 질의 완료
  [v2] 80000/86742 질의 완료
  [v2] 82000/86742 질의 완료
  [v2] 84000/86742 질의 완료
  [v2] 86000/86742 질의 완료
[real:S1:1] AUROC=0.8866 F1=0.8097 | 15948s
  [v2] 총 11176 질의 (640 pair) 병렬 시작 (workers=24)
  [v2] 2000/11176 질의 완료
  [v2] 4000/11176 질의 완료
  [v2] 6000/11176 질의 완료
  [v2] 8000/11176 질의 완료
  [v2] 10000/11176 질의 완료
[real:S2:1] AUROC=0.4706 F1=0.6589 | 2061s
  [v2] 총 34018 질의 (1970 pair) 병렬 시작 (workers=24)
  [v2] 2000/34018 질의 완료
  [v2] 4000/34018 질의 완료
  [v2] 6000/34018 질의 완료
  [v2] 8000/34018 질의 완료
  [v2] 10000/34018 질의 완료
  [v2] 12000/34018 질의 완료
  [v2] 14000/34018 질의 완료
  [v2] 16000/34018 질의 완료
  [v2] 18000/34018 질의 완료
  [v2] 20000/34018 질의 완료
  [v2] 22000/34018 질의 완료
  [v2] 24000/34018 질의 완료
  [v2] 26000/34018 질의 완료
  [v2] 28000/34018 질의 완료
  [v2] 30000/34018 질의 완료
  [v2] 32000/34018 질의 완료
  [v2] 34000/34018 질의 완료
[real:S0:2] AUROC=0.9751 F1=0.9121 | 6781s
  [v2] 총 86742 질의 (4978 pair) 병렬 시작 (workers=24)
  [v2] 2000/86742 질의 완료
  [v2] 4000/86742 질의 완료
  [v2] 6000/86742 질의 완료
  [v2] 8000/86742 질의 완료
  [v2] 10000/86742 질의 완료
  [v2] 12000/86742 질의 완료
  [v2] 14000/86742 질의 완료
  [v2] 16000/86742 질의 완료
  [v2] 18000/86742 질의 완료
  [v2] 20000/86742 질의 완료
  [v2] 22000/86742 질의 완료
  [v2] 24000/86742 질의 완료
  [v2] 26000/86742 질의 완료
  [v2] 28000/86742 질의 완료
  [v2] 30000/86742 질의 완료
  [v2] 32000/86742 질의 완료
  [v2] 34000/86742 질의 완료
  [v2] 36000/86742 질의 완료
  [v2] 38000/86742 질의 완료
  [v2] 40000/86742 질의 완료
  [v2] 42000/86742 질의 완료
  [v2] 44000/86742 질의 완료
  [v2] 46000/86742 질의 완료
  [v2] 48000/86742 질의 완료
  [v2] 50000/86742 질의 완료
  [v2] 52000/86742 질의 완료
  [v2] 54000/86742 질의 완료
  [v2] 56000/86742 질의 완료
  [v2] 58000/86742 질의 완료
  [v2] 60000/86742 질의 완료
  [v2] 62000/86742 질의 완료
  [v2] 64000/86742 질의 완료
  [v2] 66000/86742 질의 완료
  [v2] 68000/86742 질의 완료
  [v2] 70000/86742 질의 완료
  [v2] 72000/86742 질의 완료
  [v2] 74000/86742 질의 완료
  [v2] 76000/86742 질의 완료
  [v2] 78000/86742 질의 완료
  [v2] 80000/86742 질의 완료
  [v2] 82000/86742 질의 완료
  [v2] 84000/86742 질의 완료
  [v2] 86000/86742 질의 완료
[real:S1:2] AUROC=0.8761 F1=0.8044 | 17985s
  [v2] 총 11176 질의 (640 pair) 병렬 시작 (workers=24)
  [v2] 2000/11176 질의 완료
  [v2] 4000/11176 질의 완료
  [v2] 6000/11176 질의 완료
  [v2] 8000/11176 질의 완료
  [v2] 10000/11176 질의 완료
[real:S2:2] AUROC=0.5222 F1=0.6227 | 2355s
[test_epochs_gen] ALL DONE
