[test_epochs_gen] merge=False 3 어댑터 serving GPU2: ['ideal_ep1', 'ideal_ep2', 'ideal_ep3']
  [v2] 총 34018 질의 (1970 pair) 병렬 시작 (workers=24)
  [v2] 2000/34018 질의 완료
  [v2] 4000/34018 질의 완료
  [v2] 6000/34018 질의 완료
  [v2] 8000/34018 질의 완료
  [v2] 10000/34018 질의 완료
  [v2] 12000/34018 질의 완료
  [v2] 14000/34018 질의 완료
  [v2] 16000/34018 질의 완료
  [v2] 18000/34018 질의 완료
  [v2] 20000/34018 질의 완료
  [v2] 22000/34018 질의 완료
  [v2] 24000/34018 질의 완료
  [v2] 26000/34018 질의 완료
  [v2] 28000/34018 질의 완료
  [v2] 30000/34018 질의 완료
  [v2] 32000/34018 질의 완료
  [v2] 34000/34018 질의 완료
[ideal:S0:1] AUROC=0.5859 F1=0.6667 | 7658s
  [v2] 총 86742 질의 (4978 pair) 병렬 시작 (workers=24)
  [v2] 2000/86742 질의 완료
  [v2] 4000/86742 질의 완료
  [v2] 6000/86742 질의 완료
  [v2] 8000/86742 질의 완료
  [v2] 10000/86742 질의 완료
  [v2] 12000/86742 질의 완료
  [v2] 14000/86742 질의 완료
  [v2] 16000/86742 질의 완료
  [v2] 18000/86742 질의 완료
  [v2] 20000/86742 질의 완료
  [v2] 22000/86742 질의 완료
  [v2] 24000/86742 질의 완료
  [v2] 26000/86742 질의 완료
  [v2] 28000/86742 질의 완료
  [v2] 30000/86742 질의 완료
  [v2] 32000/86742 질의 완료
  [v2] 34000/86742 질의 완료
  [v2] 36000/86742 질의 완료
  [v2] 38000/86742 질의 완료
  [v2] 40000/86742 질의 완료
  [v2] 42000/86742 질의 완료
  [v2] 44000/86742 질의 완료
  [v2] 46000/86742 질의 완료
  [v2] 48000/86742 질의 완료
  [v2] 50000/86742 질의 완료
  [v2] 52000/86742 질의 완료
  [v2] 54000/86742 질의 완료
  [v2] 56000/86742 질의 완료
  [v2] 58000/86742 질의 완료
  [v2] 60000/86742 질의 완료
  [v2] 62000/86742 질의 완료
  [v2] 64000/86742 질의 완료
  [v2] 66000/86742 질의 완료
  [v2] 68000/86742 질의 완료
  [v2] 70000/86742 질의 완료
  [v2] 72000/86742 질의 완료
  [v2] 74000/86742 질의 완료
  [v2] 76000/86742 질의 완료
  [v2] 78000/86742 질의 완료
  [v2] 80000/86742 질의 완료
  [v2] 82000/86742 질의 완료
  [v2] 84000/86742 질의 완료
  [v2] 86000/86742 질의 완료
[ideal:S1:1] AUROC=0.5635 F1=0.6667 | 19174s
  [v2] 총 34018 질의 (1970 pair) 병렬 시작 (workers=24)
  [v2] 2000/34018 질의 완료
  [v2] 4000/34018 질의 완료
  [v2] 6000/34018 질의 완료
  [v2] 8000/34018 질의 완료
  [v2] 10000/34018 질의 완료
  [v2] 12000/34018 질의 완료
  [v2] 14000/34018 질의 완료
  [v2] 16000/34018 질의 완료
  [v2] 18000/34018 질의 완료
  [v2] 20000/34018 질의 완료
  [v2] 22000/34018 질의 완료
  [v2] 24000/34018 질의 완료
  [v2] 26000/34018 질의 완료
  [v2] 28000/34018 질의 완료
  [v2] 30000/34018 질의 완료
  [v2] 32000/34018 질의 완료
  [v2] 34000/34018 질의 완료
[ideal:S0:2] AUROC=0.9694 F1=0.8003 | 8026s
  [v2] 총 86742 질의 (4978 pair) 병렬 시작 (workers=24)
  [v2] 2000/86742 질의 완료
  [v2] 4000/86742 질의 완료
  [v2] 6000/86742 질의 완료
  [v2] 8000/86742 질의 완료
  [v2] 10000/86742 질의 완료
  [v2] 12000/86742 질의 완료
  [v2] 14000/86742 질의 완료
  [v2] 16000/86742 질의 완료
  [v2] 18000/86742 질의 완료
  [v2] 20000/86742 질의 완료
  [v2] 22000/86742 질의 완료
  [v2] 24000/86742 질의 완료
  [v2] 26000/86742 질의 완료
  [v2] 28000/86742 질의 완료
  [v2] 30000/86742 질의 완료
  [v2] 32000/86742 질의 완료
  [v2] 34000/86742 질의 완료
  [v2] 36000/86742 질의 완료
  [v2] 38000/86742 질의 완료
  [v2] 40000/86742 질의 완료
  [v2] 42000/86742 질의 완료
  [v2] 44000/86742 질의 완료
  [v2] 46000/86742 질의 완료
  [v2] 48000/86742 질의 완료
  [v2] 50000/86742 질의 완료
  [v2] 52000/86742 질의 완료
  [v2] 54000/86742 질의 완료
  [v2] 56000/86742 질의 완료
  [v2] 58000/86742 질의 완료
  [v2] 60000/86742 질의 완료
  [v2] 62000/86742 질의 완료
  [v2] 64000/86742 질의 완료
  [v2] 66000/86742 질의 완료
  [v2] 68000/86742 질의 완료
  [v2] 70000/86742 질의 완료
  [v2] 72000/86742 질의 완료
  [v2] 74000/86742 질의 완료
  [v2] 76000/86742 질의 완료
  [v2] 78000/86742 질의 완료
  [v2] 80000/86742 질의 완료
  [v2] 82000/86742 질의 완료
  [v2] 84000/86742 질의 완료
  [v2] 86000/86742 질의 완료
[ideal:S1:2] AUROC=0.8243 F1=0.7511 | 20545s
  [v2] 총 11176 질의 (640 pair) 병렬 시작 (workers=24)
  [v2] 2000/11176 질의 완료
  [v2] 4000/11176 질의 완료
  [v2] 6000/11176 질의 완료
  [v2] 8000/11176 질의 완료
  [v2] 10000/11176 질의 완료
[ideal:S2:2] AUROC=0.4650 F1=0.6062 | 2625s
[test_epochs_gen] ALL DONE
